
Merging program properties

Removed property 0xc0000002 to merge build/main.o (0x3) and build/kernel.o (not found)
Removed property 0xc0000002 to merge build/main.o (not found) and build/debug.o (0x3)
Removed property 0xc0000002 to merge build/main.o (not found) and build/memory.o (0x3)
Removed property 0xc0000002 to merge build/main.o (not found) and build/string.o (0x3)
Removed property 0xc0000002 to merge build/main.o (not found) and build/bitmap.o (0x3)
Removed property 0xc0000002 to merge build/main.o (not found) and build/thread.o (0x3)

Allocating common symbols
Common symbol       size              file

user_pool           0x10              build/memory.o
intr_name           0x84              build/interrupt.o
kernel_vaddr        0xc               build/memory.o
idt_table           0x84              build/interrupt.o
kernel_pool         0x10              build/memory.o

Discarded input sections

 .group         0x0000000000000000        0x8 build/main.o
 .note.GNU-stack
                0x0000000000000000        0x0 build/main.o
 .note.gnu.property
                0x0000000000000000       0x1c build/main.o
 .group         0x0000000000000000        0x8 build/init.o
 .text.__x86.get_pc_thunk.bx
                0x0000000000000000        0x4 build/init.o
 .note.GNU-stack
                0x0000000000000000        0x0 build/init.o
 .note.gnu.property
                0x0000000000000000       0x1c build/init.o
 .group         0x0000000000000000        0x8 build/interrupt.o
 .group         0x0000000000000000        0x8 build/interrupt.o
 .text.__x86.get_pc_thunk.bx
                0x0000000000000000        0x4 build/interrupt.o
 .note.GNU-stack
                0x0000000000000000        0x0 build/interrupt.o
 .note.gnu.property
                0x0000000000000000       0x1c build/interrupt.o
 .group         0x0000000000000000        0x8 build/timer.o
 .group         0x0000000000000000        0x8 build/timer.o
 .text.__x86.get_pc_thunk.ax
                0x0000000000000000        0x4 build/timer.o
 .text.__x86.get_pc_thunk.bx
                0x0000000000000000        0x4 build/timer.o
 .note.GNU-stack
                0x0000000000000000        0x0 build/timer.o
 .note.gnu.property
                0x0000000000000000       0x1c build/timer.o
 .group         0x0000000000000000        0x8 build/debug.o
 .text.__x86.get_pc_thunk.bx
                0x0000000000000000        0x4 build/debug.o
 .note.GNU-stack
                0x0000000000000000        0x0 build/debug.o
 .note.gnu.property
                0x0000000000000000       0x1c build/debug.o
 .group         0x0000000000000000        0x8 build/memory.o
 .group         0x0000000000000000        0x8 build/memory.o
 .text.__x86.get_pc_thunk.ax
                0x0000000000000000        0x4 build/memory.o
 .text.__x86.get_pc_thunk.bx
                0x0000000000000000        0x4 build/memory.o
 .note.GNU-stack
                0x0000000000000000        0x0 build/memory.o
 .note.gnu.property
                0x0000000000000000       0x1c build/memory.o
 .group         0x0000000000000000        0x8 build/string.o
 .text.__x86.get_pc_thunk.ax
                0x0000000000000000        0x4 build/string.o
 .note.GNU-stack
                0x0000000000000000        0x0 build/string.o
 .note.gnu.property
                0x0000000000000000       0x1c build/string.o
 .group         0x0000000000000000        0x8 build/bitmap.o
 .text.__x86.get_pc_thunk.ax
                0x0000000000000000        0x4 build/bitmap.o
 .note.GNU-stack
                0x0000000000000000        0x0 build/bitmap.o
 .note.gnu.property
                0x0000000000000000       0x1c build/bitmap.o
 .group         0x0000000000000000        0x8 build/thread.o
 .group         0x0000000000000000        0x8 build/thread.o
 .group         0x0000000000000000        0x8 build/thread.o
 .text.__x86.get_pc_thunk.ax
                0x0000000000000000        0x4 build/thread.o
 .text.__x86.get_pc_thunk.bx
                0x0000000000000000        0x4 build/thread.o
 .note.GNU-stack
                0x0000000000000000        0x0 build/thread.o
 .note.gnu.property
                0x0000000000000000       0x1c build/thread.o

Memory Configuration

Name             Origin             Length             Attributes
*default*        0x0000000000000000 0xffffffffffffffff

Linker script and memory map

Address of section .text set to 0xc0001500
LOAD build/main.o
LOAD build/init.o
LOAD build/interrupt.o
LOAD build/timer.o
LOAD build/kernel.o
LOAD build/print.o
LOAD build/debug.o
LOAD build/memory.o
LOAD build/string.o
LOAD build/bitmap.o
LOAD build/thread.o
                [!provide]                        PROVIDE (__executable_start = SEGMENT_START ("text-segment", 0x8048000))
                0x00000000080480d4                . = (SEGMENT_START ("text-segment", 0x8048000) + SIZEOF_HEADERS)

.interp
 *(.interp)

.note.gnu.build-id
 *(.note.gnu.build-id)

.hash
 *(.hash)

.gnu.hash
 *(.gnu.hash)

.dynsym
 *(.dynsym)

.dynstr
 *(.dynstr)

.gnu.version
 *(.gnu.version)

.gnu.version_d
 *(.gnu.version_d)

.gnu.version_r
 *(.gnu.version_r)

.rel.dyn        0x00000000080480d4        0x0
 *(.rel.init)
 *(.rel.text .rel.text.* .rel.gnu.linkonce.t.*)
 .rel.text      0x00000000080480d4        0x0 build/main.o
 *(.rel.fini)
 *(.rel.rodata .rel.rodata.* .rel.gnu.linkonce.r.*)
 *(.rel.data.rel.ro .rel.data.rel.ro.* .rel.gnu.linkonce.d.rel.ro.*)
 *(.rel.data .rel.data.* .rel.gnu.linkonce.d.*)
 *(.rel.tdata .rel.tdata.* .rel.gnu.linkonce.td.*)
 *(.rel.tbss .rel.tbss.* .rel.gnu.linkonce.tb.*)
 *(.rel.ctors)
 *(.rel.dtors)
 *(.rel.got)
 .rel.got       0x00000000080480d4        0x0 build/main.o
 *(.rel.bss .rel.bss.* .rel.gnu.linkonce.b.*)
 *(.rel.ifunc)

.rel.plt        0x00000000080480d4        0x0
 *(.rel.plt)
                [!provide]                        PROVIDE (__rel_iplt_start = .)
 *(.rel.iplt)
 .rel.iplt      0x00000000080480d4        0x0 build/main.o
                [!provide]                        PROVIDE (__rel_iplt_end = .)
                0x0000000008049000                . = ALIGN (CONSTANT (MAXPAGESIZE))

.init
 *(SORT_NONE(.init))

.plt            0x0000000008049000        0x0
 *(.plt)
 *(.iplt)
 .iplt          0x0000000008049000        0x0 build/main.o

.plt.got
 *(.plt.got)

.plt.sec
 *(.plt.sec)

.text           0x00000000c0001500     0x1bf9
 *(.text.unlikely .text.*_unlikely .text.unlikely.*)
 *(.text.exit .text.exit.*)
 *(.text.startup .text.startup.*)
 *(.text.hot .text.hot.*)
 *(SORT_BY_NAME(.text.sorted.*))
 *(.text .stub .text.* .gnu.linkonce.t.*)
 .text          0x00000000c0001500       0x94 build/main.o
                0x00000000c0001500                main
                0x00000000c0001556                k_thread_a
 .text.__x86.get_pc_thunk.bx
                0x00000000c0001594        0x4 build/main.o
                0x00000000c0001594                __x86.get_pc_thunk.bx
 .text          0x00000000c0001598       0x3d build/init.o
                0x00000000c0001598                init_all
 .text          0x00000000c00015d5      0x4b9 build/interrupt.o
                0x00000000c0001948                intr_enable
                0x00000000c000197f                intr_disable
                0x00000000c00019b6                intr_set_status
                0x00000000c00019e2                intr_get_status
                0x00000000c0001a0d                idt_init
 .text.__x86.get_pc_thunk.ax
                0x00000000c0001a8e        0x4 build/interrupt.o
                0x00000000c0001a8e                __x86.get_pc_thunk.ax
 .text          0x00000000c0001a92      0x11e build/timer.o
                0x00000000c0001b58                timer_init
 .text          0x00000000c0001bb0      0x393 build/kernel.o
                0x00000000c0001bb0                intr_exit
 *fill*         0x00000000c0001f43        0xd 
 .text          0x00000000c0001f50      0x14e build/print.o
                0x00000000c0001f50                put_str
                0x00000000c0001f6e                put_char
                0x00000000c000203b                put_int
 .text          0x00000000c000209e       0xf8 build/debug.o
                0x00000000c000209e                panic_spin
 .text          0x00000000c0002196      0x66f build/memory.o
                0x00000000c0002233                pte_ptr
                0x00000000c0002271                pde_ptr
                0x00000000c000243e                malloc_page
                0x00000000c0002518                get_kernel_pages
                0x00000000c00027ad                mem_init
 .text          0x00000000c0002805      0x4d2 build/string.o
                0x00000000c0002805                memset
                0x00000000c0002872                memcpy
                0x00000000c00028ed                memcmp
                0x00000000c000298a                strcpy
                0x00000000c00029f9                strlen
                0x00000000c0002a5a                strcmp
                0x00000000c0002aed                strchr
                0x00000000c0002b5f                strrchr
                0x00000000c0002bd7                strcat
                0x00000000c0002c5b                strchrs
 .text          0x00000000c0002cd7      0x29d build/bitmap.o
                0x00000000c0002cd7                bitmap_init
                0x00000000c0002d0e                bitmap_scan_test
                0x00000000c0002d5c                bitmap_scan
                0x00000000c0002ea8                bitmap_set
 .text          0x00000000c0002f74      0x181 build/thread.o
                0x00000000c0002f99                thread_create
                0x00000000c0003021                init_thread
                0x00000000c0003092                thread_start
 .text.__x86.get_pc_thunk.dx
                0x00000000c00030f5        0x4 build/thread.o
                0x00000000c00030f5                __x86.get_pc_thunk.dx
 *(.gnu.warning)

.fini
 *(SORT_NONE(.fini))
                [!provide]                        PROVIDE (__etext = .)
                [!provide]                        PROVIDE (_etext = .)
                [!provide]                        PROVIDE (etext = .)
                0x00000000c0004000                . = ALIGN (CONSTANT (MAXPAGESIZE))
                0x00000000c0004000                . = SEGMENT_START ("rodata-segment", (ALIGN (CONSTANT (MAXPAGESIZE)) + (. & (CONSTANT (MAXPAGESIZE) - 0x1))))

.rodata         0x00000000c0004000      0x553
 *(.rodata .rodata.* .gnu.linkonce.r.*)
 .rodata        0x00000000c0004000       0x20 build/main.o
 .rodata        0x00000000c0004020        0xa build/init.o
 *fill*         0x00000000c000402a        0x2 
 .rodata        0x00000000c000402c      0x265 build/interrupt.o
 .rodata        0x00000000c0004291       0x23 build/timer.o
 .rodata        0x00000000c00042b4       0x3f build/debug.o
 *fill*         0x00000000c00042f3        0x1 
 .rodata        0x00000000c00042f4      0x130 build/memory.o
 .rodata        0x00000000c0004424       0xc4 build/string.o
 .rodata        0x00000000c00044e8       0x6b build/bitmap.o

.rodata1
 *(.rodata1)

.eh_frame_hdr
 *(.eh_frame_hdr)
 *(.eh_frame_entry .eh_frame_entry.*)

.eh_frame       0x00000000c0004554      0x684
 *(.eh_frame)
 .eh_frame      0x00000000c0004554       0x70 build/main.o
 .eh_frame      0x00000000c00045c4       0x24 build/init.o
                                         0x50 (size before relaxing)
 .eh_frame      0x00000000c00045e8      0x194 build/interrupt.o
                                        0x1c0 (size before relaxing)
 .eh_frame      0x00000000c000477c       0x70 build/timer.o
                                         0xb0 (size before relaxing)
 .eh_frame      0x00000000c00047ec       0x1c build/debug.o
                                         0x48 (size before relaxing)
 .eh_frame      0x00000000c0004808      0x13c build/memory.o
                                        0x17c (size before relaxing)
 .eh_frame      0x00000000c0004944      0x168 build/string.o
                                        0x194 (size before relaxing)
 .eh_frame      0x00000000c0004aac       0x90 build/bitmap.o
                                         0xbc (size before relaxing)
 .eh_frame      0x00000000c0004b3c       0x9c build/thread.o
                                         0xdc (size before relaxing)
 *(.eh_frame.*)

.gcc_except_table
 *(.gcc_except_table .gcc_except_table.*)

.gnu_extab
 *(.gnu_extab*)

.exception_ranges
 *(.exception_ranges*)
                0x00000000c0006000                . = DATA_SEGMENT_ALIGN (CONSTANT (MAXPAGESIZE), CONSTANT (COMMONPAGESIZE))

.eh_frame
 *(.eh_frame)
 *(.eh_frame.*)

.gnu_extab
 *(.gnu_extab)

.gcc_except_table
 *(.gcc_except_table .gcc_except_table.*)

.exception_ranges
 *(.exception_ranges*)

.tdata          0x00000000c0006000        0x0
                [!provide]                        PROVIDE (__tdata_start = .)
 *(.tdata .tdata.* .gnu.linkonce.td.*)

.tbss
 *(.tbss .tbss.* .gnu.linkonce.tb.*)
 *(.tcommon)

.preinit_array  0x00000000c0006000        0x0
                [!provide]                        PROVIDE (__preinit_array_start = .)
 *(.preinit_array)
                [!provide]                        PROVIDE (__preinit_array_end = .)

.init_array     0x00000000c0006000        0x0
                [!provide]                        PROVIDE (__init_array_start = .)
 *(SORT_BY_INIT_PRIORITY(.init_array.*) SORT_BY_INIT_PRIORITY(.ctors.*))
 *(.init_array EXCLUDE_FILE(*crtend?.o *crtend.o *crtbegin?.o *crtbegin.o) .ctors)
                [!provide]                        PROVIDE (__init_array_end = .)

.fini_array     0x00000000c0006000        0x0
                [!provide]                        PROVIDE (__fini_array_start = .)
 *(SORT_BY_INIT_PRIORITY(.fini_array.*) SORT_BY_INIT_PRIORITY(.dtors.*))
 *(.fini_array EXCLUDE_FILE(*crtend?.o *crtend.o *crtbegin?.o *crtbegin.o) .dtors)
                [!provide]                        PROVIDE (__fini_array_end = .)

.ctors
 *crtbegin.o(.ctors)
 *crtbegin?.o(.ctors)
 *(EXCLUDE_FILE(*crtend?.o *crtend.o) .ctors)
 *(SORT_BY_NAME(.ctors.*))
 *(.ctors)

.dtors
 *crtbegin.o(.dtors)
 *crtbegin?.o(.dtors)
 *(EXCLUDE_FILE(*crtend?.o *crtend.o) .dtors)
 *(SORT_BY_NAME(.dtors.*))
 *(.dtors)

.jcr
 *(.jcr)

.data.rel.ro
 *(.data.rel.ro.local* .gnu.linkonce.d.rel.ro.local.*)
 *(.data.rel.ro .data.rel.ro.* .gnu.linkonce.d.rel.ro.*)

.dynamic
 *(.dynamic)

.got            0x00000000c0006000        0x0
 *(.got)
 .got           0x00000000c0006000        0x0 build/main.o
 *(.igot)
                0x00000000c0006ff4                . = DATA_SEGMENT_RELRO_END (., (SIZEOF (.got.plt) >= 0xc)?0xc:0x0)

.got.plt        0x00000000c0006000        0xc
 *(.got.plt)
 .got.plt       0x00000000c0006000        0xc build/main.o
                0x00000000c0006000                _GLOBAL_OFFSET_TABLE_
 *(.igot.plt)
 .igot.plt      0x00000000c000600c        0x0 build/main.o

.data           0x00000000c000600c       0x8c
 *(.data .data.* .gnu.linkonce.d.*)
 .data          0x00000000c000600c        0x0 build/main.o
 .data          0x00000000c000600c        0x0 build/init.o
 .data          0x00000000c000600c        0x0 build/interrupt.o
 .data          0x00000000c000600c        0x0 build/timer.o
 .data          0x00000000c000600c       0x84 build/kernel.o
                0x00000000c000600c                intr_entry_table
 .data          0x00000000c0006090        0x8 build/print.o
 .data          0x00000000c0006098        0x0 build/debug.o
 .data          0x00000000c0006098        0x0 build/memory.o
 .data          0x00000000c0006098        0x0 build/string.o
 .data          0x00000000c0006098        0x0 build/bitmap.o
 .data          0x00000000c0006098        0x0 build/thread.o

.data1
 *(.data1)
                0x00000000c0006098                _edata = .
                [!provide]                        PROVIDE (edata = .)
                0x00000000c0006098                . = .
                0x00000000c0006098                __bss_start = .

.bss            0x00000000c00060a0      0x270
 *(.dynbss)
 *(.bss .bss.* .gnu.linkonce.b.*)
 .bss           0x00000000c00060a0        0x0 build/main.o
 .bss           0x00000000c00060a0        0x0 build/init.o
 .bss           0x00000000c00060a0      0x108 build/interrupt.o
 .bss           0x00000000c00061a8        0x0 build/timer.o
 .bss           0x00000000c00061a8        0x0 build/debug.o
 .bss           0x00000000c00061a8        0x0 build/memory.o
 .bss           0x00000000c00061a8        0x0 build/string.o
 .bss           0x00000000c00061a8        0x0 build/bitmap.o
 .bss           0x00000000c00061a8        0x0 build/thread.o
 *(COMMON)
 *fill*         0x00000000c00061a8       0x18 
 COMMON         0x00000000c00061c0      0x124 build/interrupt.o
                0x00000000c00061c0                intr_name
                0x00000000c0006260                idt_table
 COMMON         0x00000000c00062e4       0x2c build/memory.o
                0x00000000c00062e4                user_pool
                0x00000000c00062f4                kernel_vaddr
                0x00000000c0006300                kernel_pool
                0x00000000c0006310                . = ALIGN ((. != 0x0)?0x4:0x1)
                0x00000000c0006310                . = ALIGN (0x4)
                0x00000000c0006310                . = SEGMENT_START ("ldata-segment", .)
                0x00000000c0006310                . = ALIGN (0x4)
                0x00000000c0006310                _end = .
                [!provide]                        PROVIDE (end = .)
                0x00000000c0006310                . = DATA_SEGMENT_END (.)

.stab
 *(.stab)

.stabstr
 *(.stabstr)

.stab.excl
 *(.stab.excl)

.stab.exclstr
 *(.stab.exclstr)

.stab.index
 *(.stab.index)

.stab.indexstr
 *(.stab.indexstr)

.comment        0x0000000000000000       0x2a
 *(.comment)
 .comment       0x0000000000000000       0x2a build/main.o
                                         0x2b (size before relaxing)
 .comment       0x000000000000002a       0x2b build/init.o
 .comment       0x000000000000002a       0x2b build/interrupt.o
 .comment       0x000000000000002a       0x2b build/timer.o
 .comment       0x000000000000002a       0x2b build/debug.o
 .comment       0x000000000000002a       0x2b build/memory.o
 .comment       0x000000000000002a       0x2b build/string.o
 .comment       0x000000000000002a       0x2b build/bitmap.o
 .comment       0x000000000000002a       0x2b build/thread.o

.gnu.build.attributes
 *(.gnu.build.attributes .gnu.build.attributes.*)

.debug
 *(.debug)

.line
 *(.line)

.debug_srcinfo
 *(.debug_srcinfo)

.debug_sfnames
 *(.debug_sfnames)

.debug_aranges
 *(.debug_aranges)

.debug_pubnames
 *(.debug_pubnames)

.debug_info
 *(.debug_info .gnu.linkonce.wi.*)

.debug_abbrev
 *(.debug_abbrev)

.debug_line
 *(.debug_line .debug_line.* .debug_line_end)

.debug_frame
 *(.debug_frame)

.debug_str
 *(.debug_str)

.debug_loc
 *(.debug_loc)

.debug_macinfo
 *(.debug_macinfo)

.debug_weaknames
 *(.debug_weaknames)

.debug_funcnames
 *(.debug_funcnames)

.debug_typenames
 *(.debug_typenames)

.debug_varnames
 *(.debug_varnames)

.debug_pubtypes
 *(.debug_pubtypes)

.debug_ranges
 *(.debug_ranges)

.debug_macro
 *(.debug_macro)

.debug_addr
 *(.debug_addr)

.gnu.attributes
 *(.gnu.attributes)

/DISCARD/
 *(.note.GNU-stack)
 *(.gnu_debuglink)
 *(.gnu.lto_*)
OUTPUT(build/kernel.bin elf32-i386)
