
Merging program properties

Removed property 0xc0000002 to merge build/main.o (0x3) and build/kernel.o (not found)
Removed property 0xc0000002 to merge build/main.o (not found) and build/debug.o (0x3)
Removed property 0xc0000002 to merge build/main.o (not found) and build/memory.o (0x3)
Removed property 0xc0000002 to merge build/main.o (not found) and build/bitmap.o (0x3)
Removed property 0xc0000002 to merge build/main.o (not found) and build/string.o (0x3)
Removed property 0xc0000002 to merge build/main.o (not found) and build/thread.o (0x3)
Removed property 0xc0000002 to merge build/main.o (not found) and build/list.o (0x3)
Removed property 0xc0000002 to merge build/main.o (not found) and build/console.o (0x3)
Removed property 0xc0000002 to merge build/main.o (not found) and build/sync.o (0x3)
Removed property 0xc0000002 to merge build/main.o (not found) and build/keyboard.o (0x3)
Removed property 0xc0000002 to merge build/main.o (not found) and build/ioqueue.o (0x3)
Removed property 0xc0000002 to merge build/main.o (not found) and build/tss.o (0x3)
Removed property 0xc0000002 to merge build/main.o (not found) and build/process.o (0x3)
Removed property 0xc0000002 to merge build/main.o (not found) and build/syscall.o (0x3)
Removed property 0xc0000002 to merge build/main.o (not found) and build/syscall-init.o (0x3)
Removed property 0xc0000002 to merge build/main.o (not found) and build/stdio.o (0x3)

Allocating common symbols
Common symbol       size              file

kbd_buf             0x6c              build/keyboard.o
thread_ready_list   0x10              build/thread.o
thread_all_list     0x10              build/thread.o
user_pool           0x2c              build/memory.o
k_block_descs       0xa8              build/memory.o
intr_name           0x204             build/interrupt.o
main_thread         0x4               build/thread.o
ticks               0x4               build/timer.o
kernel_vaddr        0xc               build/memory.o
syscall_table       0x80              build/syscall-init.o
idt_table           0x204             build/interrupt.o
kernel_pool         0x2c              build/memory.o
pid_lock            0x1c              build/thread.o

Discarded input sections

 .group         0x0000000000000000        0x8 build/main.o
 .note.GNU-stack
                0x0000000000000000        0x0 build/main.o
 .note.gnu.property
                0x0000000000000000       0x1c build/main.o
 .group         0x0000000000000000        0x8 build/init.o
 .text.__x86.get_pc_thunk.bx
                0x0000000000000000        0x4 build/init.o
 .note.GNU-stack
                0x0000000000000000        0x0 build/init.o
 .note.gnu.property
                0x0000000000000000       0x1c build/init.o
 .group         0x0000000000000000        0x8 build/interrupt.o
 .group         0x0000000000000000        0x8 build/interrupt.o
 .text.__x86.get_pc_thunk.bx
                0x0000000000000000        0x4 build/interrupt.o
 .note.GNU-stack
                0x0000000000000000        0x0 build/interrupt.o
 .note.gnu.property
                0x0000000000000000       0x1c build/interrupt.o
 .group         0x0000000000000000        0x8 build/timer.o
 .group         0x0000000000000000        0x8 build/timer.o
 .text.__x86.get_pc_thunk.ax
                0x0000000000000000        0x4 build/timer.o
 .text.__x86.get_pc_thunk.bx
                0x0000000000000000        0x4 build/timer.o
 .note.GNU-stack
                0x0000000000000000        0x0 build/timer.o
 .note.gnu.property
                0x0000000000000000       0x1c build/timer.o
 .group         0x0000000000000000        0x8 build/debug.o
 .text.__x86.get_pc_thunk.bx
                0x0000000000000000        0x4 build/debug.o
 .note.GNU-stack
                0x0000000000000000        0x0 build/debug.o
 .note.gnu.property
                0x0000000000000000       0x1c build/debug.o
 .group         0x0000000000000000        0x8 build/memory.o
 .group         0x0000000000000000        0x8 build/memory.o
 .text.__x86.get_pc_thunk.ax
                0x0000000000000000        0x4 build/memory.o
 .text.__x86.get_pc_thunk.bx
                0x0000000000000000        0x4 build/memory.o
 .note.GNU-stack
                0x0000000000000000        0x0 build/memory.o
 .note.gnu.property
                0x0000000000000000       0x1c build/memory.o
 .group         0x0000000000000000        0x8 build/bitmap.o
 .text.__x86.get_pc_thunk.ax
                0x0000000000000000        0x4 build/bitmap.o
 .note.GNU-stack
                0x0000000000000000        0x0 build/bitmap.o
 .note.gnu.property
                0x0000000000000000       0x1c build/bitmap.o
 .group         0x0000000000000000        0x8 build/string.o
 .text.__x86.get_pc_thunk.ax
                0x0000000000000000        0x4 build/string.o
 .note.GNU-stack
                0x0000000000000000        0x0 build/string.o
 .note.gnu.property
                0x0000000000000000       0x1c build/string.o
 .group         0x0000000000000000        0x8 build/thread.o
 .group         0x0000000000000000        0x8 build/thread.o
 .group         0x0000000000000000        0x8 build/thread.o
 .text.__x86.get_pc_thunk.ax
                0x0000000000000000        0x4 build/thread.o
 .text.__x86.get_pc_thunk.bx
                0x0000000000000000        0x4 build/thread.o
 .note.GNU-stack
                0x0000000000000000        0x0 build/thread.o
 .note.gnu.property
                0x0000000000000000       0x1c build/thread.o
 .group         0x0000000000000000        0x8 build/list.o
 .group         0x0000000000000000        0x8 build/list.o
 .text.__x86.get_pc_thunk.ax
                0x0000000000000000        0x4 build/list.o
 .text.__x86.get_pc_thunk.bx
                0x0000000000000000        0x4 build/list.o
 .note.GNU-stack
                0x0000000000000000        0x0 build/list.o
 .note.gnu.property
                0x0000000000000000       0x1c build/list.o
 .group         0x0000000000000000        0x8 build/console.o
 .group         0x0000000000000000        0x8 build/console.o
 .text.__x86.get_pc_thunk.ax
                0x0000000000000000        0x4 build/console.o
 .text.__x86.get_pc_thunk.bx
                0x0000000000000000        0x4 build/console.o
 .note.GNU-stack
                0x0000000000000000        0x0 build/console.o
 .note.gnu.property
                0x0000000000000000       0x1c build/console.o
 .group         0x0000000000000000        0x8 build/sync.o
 .group         0x0000000000000000        0x8 build/sync.o
 .text.__x86.get_pc_thunk.ax
                0x0000000000000000        0x4 build/sync.o
 .text.__x86.get_pc_thunk.bx
                0x0000000000000000        0x4 build/sync.o
 .note.GNU-stack
                0x0000000000000000        0x0 build/sync.o
 .note.gnu.property
                0x0000000000000000       0x1c build/sync.o
 .group         0x0000000000000000        0x8 build/keyboard.o
 .group         0x0000000000000000        0x8 build/keyboard.o
 .text.__x86.get_pc_thunk.ax
                0x0000000000000000        0x4 build/keyboard.o
 .text.__x86.get_pc_thunk.bx
                0x0000000000000000        0x4 build/keyboard.o
 .note.GNU-stack
                0x0000000000000000        0x0 build/keyboard.o
 .note.gnu.property
                0x0000000000000000       0x1c build/keyboard.o
 .group         0x0000000000000000        0x8 build/ioqueue.o
 .group         0x0000000000000000        0x8 build/ioqueue.o
 .text.__x86.get_pc_thunk.ax
                0x0000000000000000        0x4 build/ioqueue.o
 .text.__x86.get_pc_thunk.bx
                0x0000000000000000        0x4 build/ioqueue.o
 .note.GNU-stack
                0x0000000000000000        0x0 build/ioqueue.o
 .note.gnu.property
                0x0000000000000000       0x1c build/ioqueue.o
 .group         0x0000000000000000        0x8 build/tss.o
 .group         0x0000000000000000        0x8 build/tss.o
 .text.__x86.get_pc_thunk.ax
                0x0000000000000000        0x4 build/tss.o
 .text.__x86.get_pc_thunk.bx
                0x0000000000000000        0x4 build/tss.o
 .note.GNU-stack
                0x0000000000000000        0x0 build/tss.o
 .note.gnu.property
                0x0000000000000000       0x1c build/tss.o
 .group         0x0000000000000000        0x8 build/process.o
 .group         0x0000000000000000        0x8 build/process.o
 .text.__x86.get_pc_thunk.ax
                0x0000000000000000        0x4 build/process.o
 .text.__x86.get_pc_thunk.bx
                0x0000000000000000        0x4 build/process.o
 .note.GNU-stack
                0x0000000000000000        0x0 build/process.o
 .note.gnu.property
                0x0000000000000000       0x1c build/process.o
 .group         0x0000000000000000        0x8 build/syscall.o
 .text.__x86.get_pc_thunk.ax
                0x0000000000000000        0x4 build/syscall.o
 .note.GNU-stack
                0x0000000000000000        0x0 build/syscall.o
 .note.gnu.property
                0x0000000000000000       0x1c build/syscall.o
 .group         0x0000000000000000        0x8 build/syscall-init.o
 .group         0x0000000000000000        0x8 build/syscall-init.o
 .text.__x86.get_pc_thunk.ax
                0x0000000000000000        0x4 build/syscall-init.o
 .text.__x86.get_pc_thunk.bx
                0x0000000000000000        0x4 build/syscall-init.o
 .note.GNU-stack
                0x0000000000000000        0x0 build/syscall-init.o
 .note.gnu.property
                0x0000000000000000       0x1c build/syscall-init.o
 .group         0x0000000000000000        0x8 build/stdio.o
 .group         0x0000000000000000        0x8 build/stdio.o
 .text.__x86.get_pc_thunk.ax
                0x0000000000000000        0x4 build/stdio.o
 .text.__x86.get_pc_thunk.bx
                0x0000000000000000        0x4 build/stdio.o
 .note.GNU-stack
                0x0000000000000000        0x0 build/stdio.o
 .note.gnu.property
                0x0000000000000000       0x1c build/stdio.o

Memory Configuration

Name             Origin             Length             Attributes
*default*        0x0000000000000000 0xffffffffffffffff

Linker script and memory map

Address of section .text set to 0xc0001500
LOAD build/main.o
LOAD build/init.o
LOAD build/interrupt.o
LOAD build/timer.o
LOAD build/kernel.o
LOAD build/print.o
LOAD build/debug.o
LOAD build/memory.o
LOAD build/bitmap.o
LOAD build/string.o
LOAD build/thread.o
LOAD build/list.o
LOAD build/switch.o
LOAD build/console.o
LOAD build/sync.o
LOAD build/keyboard.o
LOAD build/ioqueue.o
LOAD build/tss.o
LOAD build/process.o
LOAD build/syscall.o
LOAD build/syscall-init.o
LOAD build/stdio.o
                [!provide]                        PROVIDE (__executable_start = SEGMENT_START ("text-segment", 0x8048000))
                0x00000000080480d4                . = (SEGMENT_START ("text-segment", 0x8048000) + SIZEOF_HEADERS)

.interp
 *(.interp)

.note.gnu.build-id
 *(.note.gnu.build-id)

.hash
 *(.hash)

.gnu.hash
 *(.gnu.hash)

.dynsym
 *(.dynsym)

.dynstr
 *(.dynstr)

.gnu.version
 *(.gnu.version)

.gnu.version_d
 *(.gnu.version_d)

.gnu.version_r
 *(.gnu.version_r)

.rel.dyn        0x00000000080480d4        0x0
 *(.rel.init)
 *(.rel.text .rel.text.* .rel.gnu.linkonce.t.*)
 .rel.text      0x00000000080480d4        0x0 build/main.o
 *(.rel.fini)
 *(.rel.rodata .rel.rodata.* .rel.gnu.linkonce.r.*)
 *(.rel.data.rel.ro .rel.data.rel.ro.* .rel.gnu.linkonce.d.rel.ro.*)
 *(.rel.data .rel.data.* .rel.gnu.linkonce.d.*)
 *(.rel.tdata .rel.tdata.* .rel.gnu.linkonce.td.*)
 *(.rel.tbss .rel.tbss.* .rel.gnu.linkonce.tb.*)
 *(.rel.ctors)
 *(.rel.dtors)
 *(.rel.got)
 .rel.got       0x00000000080480d4        0x0 build/main.o
 *(.rel.bss .rel.bss.* .rel.gnu.linkonce.b.*)
 *(.rel.ifunc)

.rel.plt        0x00000000080480d4        0x0
 *(.rel.plt)
                [!provide]                        PROVIDE (__rel_iplt_start = .)
 *(.rel.iplt)
 .rel.iplt      0x00000000080480d4        0x0 build/main.o
                [!provide]                        PROVIDE (__rel_iplt_end = .)
                0x0000000008049000                . = ALIGN (CONSTANT (MAXPAGESIZE))

.init
 *(SORT_NONE(.init))

.plt            0x0000000008049000        0x0
 *(.plt)
 *(.iplt)
 .iplt          0x0000000008049000        0x0 build/main.o

.plt.got
 *(.plt.got)

.plt.sec
 *(.plt.sec)

.text           0x00000000c0001500     0x45aa
 *(.text.unlikely .text.*_unlikely .text.unlikely.*)
 *(.text.exit .text.exit.*)
 *(.text.startup .text.startup.*)
 *(.text.hot .text.hot.*)
 *(SORT_BY_NAME(.text.sorted.*))
 *(.text .stub .text.* .gnu.linkonce.t.*)
 .text          0x00000000c0001500      0x1a8 build/main.o
                0x00000000c0001500                main
                0x00000000c000157a                k_thread_a
                0x00000000c00015d6                k_thread_b
                0x00000000c0001632                u_prog_a
                0x00000000c000166d                u_prog_b
 .text.__x86.get_pc_thunk.bx
                0x00000000c00016a8        0x4 build/main.o
                0x00000000c00016a8                __x86.get_pc_thunk.bx
 .text          0x00000000c00016ac       0x56 build/init.o
                0x00000000c00016ac                init_all
 .text          0x00000000c0001702      0x5ae build/interrupt.o
                0x00000000c0001b3d                intr_enable
                0x00000000c0001b74                intr_disable
                0x00000000c0001bab                intr_set_status
                0x00000000c0001bd7                intr_get_status
                0x00000000c0001c02                register_handler
                0x00000000c0001c2f                idt_init
 .text.__x86.get_pc_thunk.ax
                0x00000000c0001cb0        0x4 build/interrupt.o
                0x00000000c0001cb0                __x86.get_pc_thunk.ax
 .text          0x00000000c0001cb4      0x1c9 build/timer.o
                0x00000000c0001e11                timer_init
 *fill*         0x00000000c0001e7d        0x3 
 .text          0x00000000c0001e80      0x55b build/kernel.o
                0x00000000c0001e80                intr_exit
                0x00000000c00023b7                syscall_handler
 *fill*         0x00000000c00023db        0x5 
 .text          0x00000000c00023e0      0x172 build/print.o
                0x00000000c00023e0                put_str
                0x00000000c00023fe                put_char
                0x00000000c00024cb                put_int
                0x00000000c000252e                set_cursor
 .text          0x00000000c0002552       0xf8 build/debug.o
                0x00000000c0002552                panic_spin
 .text          0x00000000c000264a      0xdf5 build/memory.o
                0x00000000c000264a                block_desc_init
                0x00000000c0002829                pte_ptr
                0x00000000c0002867                pde_ptr
                0x00000000c0002a30                malloc_page
                0x00000000c0002b0d                get_kernel_pages
                0x00000000c0002b85                get_user_pages
                0x00000000c0002bfd                get_a_page
                0x00000000c0002d8b                addr_v2p
                0x00000000c0003079                sys_malloc
                0x00000000c00033d5                mem_init
 .text          0x00000000c000343f      0x29d build/bitmap.o
                0x00000000c000343f                bitmap_init
                0x00000000c0003476                bitmap_scan_test
                0x00000000c00034c4                bitmap_scan
                0x00000000c0003610                bitmap_set
 .text          0x00000000c00036dc      0x4d2 build/string.o
                0x00000000c00036dc                memset
                0x00000000c0003749                memcpy
                0x00000000c00037c4                memcmp
                0x00000000c0003861                strcpy
                0x00000000c00038d0                strlen
                0x00000000c0003931                strcmp
                0x00000000c00039c4                strchr
                0x00000000c0003a36                strrchr
                0x00000000c0003aae                strcat
                0x00000000c0003b32                strchrs
 .text          0x00000000c0003bae      0x6ff build/thread.o
                0x00000000c0003bae                running_thread
                0x00000000c0003c58                thread_create
                0x00000000c0003ce0                init_thread
                0x00000000c0003d9b                thread_start
                0x00000000c0003f40                schedule
                0x00000000c0004091                thread_block
                0x00000000c000410d                thread_unblock
                0x00000000c0004232                thread_init
 .text.__x86.get_pc_thunk.dx
                0x00000000c00042ad        0x4 build/thread.o
                0x00000000c00042ad                __x86.get_pc_thunk.dx
 .text          0x00000000c00042b1      0x287 build/list.o
                0x00000000c00042b1                list_init
                0x00000000c00042ed                list_insert_before
                0x00000000c0004345                list_push
                0x00000000c0004371                list_append
                0x00000000c000439d                list_remove
                0x00000000c00043ea                list_pop
                0x00000000c000441a                elem_find
                0x00000000c0004463                list_traversal
                0x00000000c00044ce                list_len
                0x00000000c0004511                list_empty
 *fill*         0x00000000c0004538        0x8 
 .text          0x00000000c0004540       0x15 build/switch.o
                0x00000000c0004540                switch_to
 .text          0x00000000c0004555      0x131 build/console.o
                0x00000000c0004555                console_init
                0x00000000c0004584                console_acquire
                0x00000000c00045b3                console_release
                0x00000000c00045e2                console_put_str
                0x00000000c0004616                console_put_char
                0x00000000c0004652                console_put_int
 .text          0x00000000c0004686      0x3a7 build/sync.o
                0x00000000c0004686                sema_init
                0x00000000c00046c4                lock_init
                0x00000000c0004702                sema_down
                0x00000000c0004822                sema_up
                0x00000000c00048f0                lock_acquire
                0x00000000c000497a                lock_release
 .text          0x00000000c0004a2d      0x346 build/keyboard.o
                0x00000000c0004d0d                keyboard_init
 .text          0x00000000c0004d73      0x39e build/ioqueue.o
                0x00000000c0004d73                ioqueue_init
                0x00000000c0004df5                ioq_full
                0x00000000c0004f6e                ioq_getchar
                0x00000000c000503e                ioq_putchar
 .text          0x00000000c0005111      0x1be build/tss.o
                0x00000000c0005111                update_tss_esp
                0x00000000c00051aa                tss_init
 .text          0x00000000c00052cf      0x3f4 build/process.o
                0x00000000c00052cf                start_process
                0x00000000c00053e7                page_dir_activate
                0x00000000c0005430                process_activate
                0x00000000c0005497                create_page_dir
                0x00000000c0005524                create_user_vaddr_bitmap
                0x00000000c0005581                process_execute
 .text          0x00000000c00056c3       0x50 build/syscall.o
                0x00000000c00056c3                getpid
                0x00000000c00056e6                write
 .text          0x00000000c0005713       0xbb build/syscall-init.o
                0x00000000c0005713                sys_getpid
                0x00000000c000573a                sys_write
                0x00000000c0005771                syscall_init
 .text          0x00000000c00057ce      0x2dc build/stdio.o
                0x00000000c0005863                vsprintf
                0x00000000c00059f5                sprintf
                0x00000000c0005a33                printf
 *(.gnu.warning)

.fini
 *(SORT_NONE(.fini))
                [!provide]                        PROVIDE (__etext = .)
                [!provide]                        PROVIDE (_etext = .)
                [!provide]                        PROVIDE (etext = .)
                0x00000000c0006000                . = ALIGN (CONSTANT (MAXPAGESIZE))
                0x00000000c0006000                . = SEGMENT_START ("rodata-segment", (ALIGN (CONSTANT (MAXPAGESIZE)) + (. & (CONSTANT (MAXPAGESIZE) - 0x1))))

.rodata         0x00000000c0006000      0xd97
 *(.rodata .rodata.* .gnu.linkonce.r.*)
 .rodata        0x00000000c0006000       0xbb build/main.o
 .rodata        0x00000000c00060bb        0xa build/init.o
 *fill*         0x00000000c00060c5        0x3 
 .rodata        0x00000000c00060c8      0x2cd build/interrupt.o
 *fill*         0x00000000c0006395        0x3 
 .rodata        0x00000000c0006398       0x6b build/timer.o
 .rodata        0x00000000c0006403       0x3f build/debug.o
 *fill*         0x00000000c0006442        0x2 
 .rodata        0x00000000c0006444      0x213 build/memory.o
 *fill*         0x00000000c0006657        0x1 
 .rodata        0x00000000c0006658       0x6b build/bitmap.o
 *fill*         0x00000000c00066c3        0x1 
 .rodata        0x00000000c00066c4       0xc4 build/string.o
 .rodata        0x00000000c0006788      0x2cb build/thread.o
 *fill*         0x00000000c0006a53        0x1 
 .rodata        0x00000000c0006a54      0x135 build/sync.o
 .rodata        0x00000000c0006b89       0x36 build/keyboard.o
 *fill*         0x00000000c0006bbf        0x1 
 .rodata        0x00000000c0006bc0       0xa8 build/ioqueue.o
 .rodata        0x00000000c0006c68       0x27 build/tss.o
 *fill*         0x00000000c0006c8f        0x1 
 .rodata        0x00000000c0006c90       0xe0 build/process.o
 .rodata        0x00000000c0006d70       0x27 build/syscall-init.o

.rodata1
 *(.rodata1)

.eh_frame_hdr
 *(.eh_frame_hdr)
 *(.eh_frame_entry .eh_frame_entry.*)

.eh_frame       0x00000000c0006d98     0x100c
 *(.eh_frame)
 .eh_frame      0x00000000c0006d98       0xc4 build/main.o
 .eh_frame      0x00000000c0006e5c       0x24 build/init.o
                                         0x50 (size before relaxing)
 .eh_frame      0x00000000c0006e80      0x1b4 build/interrupt.o
                                        0x1e0 (size before relaxing)
 .eh_frame      0x00000000c0007034       0x94 build/timer.o
                                         0xd4 (size before relaxing)
 .eh_frame      0x00000000c00070c8       0x1c build/debug.o
                                         0x48 (size before relaxing)
 .eh_frame      0x00000000c00070e4      0x22c build/memory.o
                                        0x26c (size before relaxing)
 .eh_frame      0x00000000c0007310       0x90 build/bitmap.o
                                         0xbc (size before relaxing)
 .eh_frame      0x00000000c00073a0      0x168 build/string.o
                                        0x194 (size before relaxing)
 .eh_frame      0x00000000c0007508      0x198 build/thread.o
                                        0x1d8 (size before relaxing)
 .eh_frame      0x00000000c00076a0      0x148 build/list.o
                                        0x188 (size before relaxing)
 .eh_frame      0x00000000c00077e8       0xd8 build/console.o
                                        0x118 (size before relaxing)
 .eh_frame      0x00000000c00078c0       0xdc build/sync.o
                                        0x11c (size before relaxing)
 .eh_frame      0x00000000c000799c       0x68 build/keyboard.o
                                         0xa8 (size before relaxing)
 .eh_frame      0x00000000c0007a04      0x11c build/ioqueue.o
                                        0x15c (size before relaxing)
 .eh_frame      0x00000000c0007b20       0x6c build/tss.o
                                         0xac (size before relaxing)
 .eh_frame      0x00000000c0007b8c       0xd8 build/process.o
                                        0x118 (size before relaxing)
 .eh_frame      0x00000000c0007c64       0x44 build/syscall.o
                                         0x70 (size before relaxing)
 .eh_frame      0x00000000c0007ca8       0x6c build/syscall-init.o
                                         0xac (size before relaxing)
 .eh_frame      0x00000000c0007d14       0x90 build/stdio.o
                                         0xd0 (size before relaxing)
 *(.eh_frame.*)

.gcc_except_table
 *(.gcc_except_table .gcc_except_table.*)

.gnu_extab
 *(.gnu_extab*)

.exception_ranges
 *(.exception_ranges*)
                0x00000000c0009000                . = DATA_SEGMENT_ALIGN (CONSTANT (MAXPAGESIZE), CONSTANT (COMMONPAGESIZE))

.eh_frame
 *(.eh_frame)
 *(.eh_frame.*)

.gnu_extab
 *(.gnu_extab)

.gcc_except_table
 *(.gcc_except_table .gcc_except_table.*)

.exception_ranges
 *(.exception_ranges*)

.tdata          0x00000000c0009000        0x0
                [!provide]                        PROVIDE (__tdata_start = .)
 *(.tdata .tdata.* .gnu.linkonce.td.*)

.tbss
 *(.tbss .tbss.* .gnu.linkonce.tb.*)
 *(.tcommon)

.preinit_array  0x00000000c0009000        0x0
                [!provide]                        PROVIDE (__preinit_array_start = .)
 *(.preinit_array)
                [!provide]                        PROVIDE (__preinit_array_end = .)

.init_array     0x00000000c0009000        0x0
                [!provide]                        PROVIDE (__init_array_start = .)
 *(SORT_BY_INIT_PRIORITY(.init_array.*) SORT_BY_INIT_PRIORITY(.ctors.*))
 *(.init_array EXCLUDE_FILE(*crtend?.o *crtend.o *crtbegin?.o *crtbegin.o) .ctors)
                [!provide]                        PROVIDE (__init_array_end = .)

.fini_array     0x00000000c0009000        0x0
                [!provide]                        PROVIDE (__fini_array_start = .)
 *(SORT_BY_INIT_PRIORITY(.fini_array.*) SORT_BY_INIT_PRIORITY(.dtors.*))
 *(.fini_array EXCLUDE_FILE(*crtend?.o *crtend.o *crtbegin?.o *crtbegin.o) .dtors)
                [!provide]                        PROVIDE (__fini_array_end = .)

.ctors
 *crtbegin.o(.ctors)
 *crtbegin?.o(.ctors)
 *(EXCLUDE_FILE(*crtend?.o *crtend.o) .ctors)
 *(SORT_BY_NAME(.ctors.*))
 *(.ctors)

.dtors
 *crtbegin.o(.dtors)
 *crtbegin?.o(.dtors)
 *(EXCLUDE_FILE(*crtend?.o *crtend.o) .dtors)
 *(SORT_BY_NAME(.dtors.*))
 *(.dtors)

.jcr
 *(.jcr)

.data.rel.ro
 *(.data.rel.ro.local* .gnu.linkonce.d.rel.ro.local.*)
 *(.data.rel.ro .data.rel.ro.* .gnu.linkonce.d.rel.ro.*)

.dynamic
 *(.dynamic)

.got            0x00000000c0009000        0x0
 *(.got)
 .got           0x00000000c0009000        0x0 build/main.o
 *(.igot)
                0x00000000c0009ff4                . = DATA_SEGMENT_RELRO_END (., (SIZEOF (.got.plt) >= 0xc)?0xc:0x0)

.got.plt        0x00000000c0009000        0xc
 *(.got.plt)
 .got.plt       0x00000000c0009000        0xc build/main.o
                0x00000000c0009000                _GLOBAL_OFFSET_TABLE_
 *(.igot.plt)
 .igot.plt      0x00000000c000900c        0x0 build/main.o

.data           0x00000000c0009020      0x156
 *(.data .data.* .gnu.linkonce.d.*)
 .data          0x00000000c0009020        0x0 build/main.o
 .data          0x00000000c0009020        0x0 build/init.o
 .data          0x00000000c0009020        0x0 build/interrupt.o
 .data          0x00000000c0009020        0x0 build/timer.o
 .data          0x00000000c0009020       0xc0 build/kernel.o
                0x00000000c0009020                intr_entry_table
 .data          0x00000000c00090e0        0x8 build/print.o
 .data          0x00000000c00090e8        0x0 build/debug.o
 .data          0x00000000c00090e8        0x0 build/memory.o
 .data          0x00000000c00090e8        0x0 build/bitmap.o
 .data          0x00000000c00090e8        0x0 build/string.o
 .data          0x00000000c00090e8        0x0 build/thread.o
 .data          0x00000000c00090e8        0x0 build/list.o
 .data          0x00000000c00090e8        0x0 build/console.o
 .data          0x00000000c00090e8        0x0 build/sync.o
 *fill*         0x00000000c00090e8       0x18 
 .data          0x00000000c0009100       0x76 build/keyboard.o
 .data          0x00000000c0009176        0x0 build/ioqueue.o
 .data          0x00000000c0009176        0x0 build/tss.o
 .data          0x00000000c0009176        0x0 build/process.o
 .data          0x00000000c0009176        0x0 build/syscall.o
 .data          0x00000000c0009176        0x0 build/syscall-init.o
 .data          0x00000000c0009176        0x0 build/stdio.o

.data1
 *(.data1)
                0x00000000c0009176                _edata = .
                [!provide]                        PROVIDE (edata = .)
                0x00000000c0009176                . = .
                0x00000000c0009176                __bss_start = .

.bss            0x00000000c0009180      0xb80
 *(.dynbss)
 *(.bss .bss.* .gnu.linkonce.b.*)
 .bss           0x00000000c0009180        0x0 build/main.o
 .bss           0x00000000c0009180        0x0 build/init.o
 .bss           0x00000000c0009180      0x408 build/interrupt.o
 .bss           0x00000000c0009588        0x0 build/timer.o
 .bss           0x00000000c0009588        0x0 build/debug.o
 .bss           0x00000000c0009588        0x0 build/memory.o
 .bss           0x00000000c0009588        0x0 build/bitmap.o
 .bss           0x00000000c0009588        0x0 build/string.o
 .bss           0x00000000c0009588        0x6 build/thread.o
 .bss           0x00000000c000958e        0x0 build/list.o
 *fill*         0x00000000c000958e        0x2 
 .bss           0x00000000c0009590       0x1c build/console.o
 .bss           0x00000000c00095ac        0x0 build/sync.o
 .bss           0x00000000c00095ac       0x14 build/keyboard.o
 .bss           0x00000000c00095c0        0x0 build/ioqueue.o
 .bss           0x00000000c00095c0       0x6c build/tss.o
 .bss           0x00000000c000962c        0x0 build/process.o
 .bss           0x00000000c000962c        0x0 build/syscall.o
 .bss           0x00000000c000962c        0x0 build/syscall-init.o
 .bss           0x00000000c000962c        0x0 build/stdio.o
 *(COMMON)
 *fill*         0x00000000c000962c       0x14 
 COMMON         0x00000000c0009640      0x424 build/interrupt.o
                0x00000000c0009640                intr_name
                0x00000000c0009860                idt_table
 COMMON         0x00000000c0009a64        0x4 build/timer.o
                0x00000000c0009a64                ticks
 *fill*         0x00000000c0009a68       0x18 
 COMMON         0x00000000c0009a80      0x12c build/memory.o
                0x00000000c0009a80                user_pool
                0x00000000c0009ac0                k_block_descs
                0x00000000c0009b68                kernel_vaddr
                0x00000000c0009b80                kernel_pool
 COMMON         0x00000000c0009bac       0x40 build/thread.o
                0x00000000c0009bac                thread_ready_list
                0x00000000c0009bbc                thread_all_list
                0x00000000c0009bcc                main_thread
                0x00000000c0009bd0                pid_lock
 *fill*         0x00000000c0009bec       0x14 
 COMMON         0x00000000c0009c00       0x6c build/keyboard.o
                0x00000000c0009c00                kbd_buf
 *fill*         0x00000000c0009c6c       0x14 
 COMMON         0x00000000c0009c80       0x80 build/syscall-init.o
                0x00000000c0009c80                syscall_table
                0x00000000c0009d00                . = ALIGN ((. != 0x0)?0x4:0x1)
                0x00000000c0009d00                . = ALIGN (0x4)
                0x00000000c0009d00                . = SEGMENT_START ("ldata-segment", .)
                0x00000000c0009d00                . = ALIGN (0x4)
                0x00000000c0009d00                _end = .
                [!provide]                        PROVIDE (end = .)
                0x00000000c0009d00                . = DATA_SEGMENT_END (.)

.stab
 *(.stab)

.stabstr
 *(.stabstr)

.stab.excl
 *(.stab.excl)

.stab.exclstr
 *(.stab.exclstr)

.stab.index
 *(.stab.index)

.stab.indexstr
 *(.stab.indexstr)

.comment        0x0000000000000000       0x2a
 *(.comment)
 .comment       0x0000000000000000       0x2a build/main.o
                                         0x2b (size before relaxing)
 .comment       0x000000000000002a       0x2b build/init.o
 .comment       0x000000000000002a       0x2b build/interrupt.o
 .comment       0x000000000000002a       0x2b build/timer.o
 .comment       0x000000000000002a       0x2b build/debug.o
 .comment       0x000000000000002a       0x2b build/memory.o
 .comment       0x000000000000002a       0x2b build/bitmap.o
 .comment       0x000000000000002a       0x2b build/string.o
 .comment       0x000000000000002a       0x2b build/thread.o
 .comment       0x000000000000002a       0x2b build/list.o
 .comment       0x000000000000002a       0x2b build/console.o
 .comment       0x000000000000002a       0x2b build/sync.o
 .comment       0x000000000000002a       0x2b build/keyboard.o
 .comment       0x000000000000002a       0x2b build/ioqueue.o
 .comment       0x000000000000002a       0x2b build/tss.o
 .comment       0x000000000000002a       0x2b build/process.o
 .comment       0x000000000000002a       0x2b build/syscall.o
 .comment       0x000000000000002a       0x2b build/syscall-init.o
 .comment       0x000000000000002a       0x2b build/stdio.o

.gnu.build.attributes
 *(.gnu.build.attributes .gnu.build.attributes.*)

.debug
 *(.debug)

.line
 *(.line)

.debug_srcinfo
 *(.debug_srcinfo)

.debug_sfnames
 *(.debug_sfnames)

.debug_aranges
 *(.debug_aranges)

.debug_pubnames
 *(.debug_pubnames)

.debug_info
 *(.debug_info .gnu.linkonce.wi.*)

.debug_abbrev
 *(.debug_abbrev)

.debug_line
 *(.debug_line .debug_line.* .debug_line_end)

.debug_frame
 *(.debug_frame)

.debug_str
 *(.debug_str)

.debug_loc
 *(.debug_loc)

.debug_macinfo
 *(.debug_macinfo)

.debug_weaknames
 *(.debug_weaknames)

.debug_funcnames
 *(.debug_funcnames)

.debug_typenames
 *(.debug_typenames)

.debug_varnames
 *(.debug_varnames)

.debug_pubtypes
 *(.debug_pubtypes)

.debug_ranges
 *(.debug_ranges)

.debug_macro
 *(.debug_macro)

.debug_addr
 *(.debug_addr)

.gnu.attributes
 *(.gnu.attributes)

/DISCARD/
 *(.note.GNU-stack)
 *(.gnu_debuglink)
 *(.gnu.lto_*)
OUTPUT(build/kernel.bin elf32-i386)
